// Jest Snapshot v1, https://goo.gl/fbAQLP

exports[`Stamper should be rendered correctly when machine is off 1`] = `
<div>
  <div
    class="stamper left"
  >
    <svg>
      stamper.svg
    </svg>
    <svg
      class="stamper-pusher "
      data-testid="stamper-pusher"
    >
      stamper-pusher.svg
    </svg>
    
  </div>
</div>
`;
